log.txt
model_selection/calibration_method=kde__bounder=elub/ECE.png
model_selection/calibration_method=kde__bounder=elub/LR_Histogram.png
model_selection/calibration_method=kde__bounder=elub/PAV.png
model_selection/calibration_method=kde__bounder=elub/data.yaml
model_selection/calibration_method=kde__bounder=elub/lrsystem.yaml
model_selection/calibration_method=kde__bounder=iv/ECE.png
model_selection/calibration_method=kde__bounder=iv/LR_Histogram.png
model_selection/calibration_method=kde__bounder=iv/PAV.png
model_selection/calibration_method=kde__bounder=iv/data.yaml
model_selection/calibration_method=kde__bounder=iv/lrsystem.yaml
model_selection/calibration_method=logistic__bounder=elub/ECE.png
model_selection/calibration_method=logistic__bounder=elub/LR_Histogram.png
model_selection/calibration_method=logistic__bounder=elub/PAV.png
model_selection/calibration_method=logistic__bounder=elub/data.yaml
model_selection/calibration_method=logistic__bounder=elub/lrsystem.yaml
model_selection/calibration_method=logistic__bounder=iv/ECE.png
model_selection/calibration_method=logistic__bounder=iv/LR_Histogram.png
model_selection/calibration_method=logistic__bounder=iv/PAV.png
model_selection/calibration_method=logistic__bounder=iv/data.yaml
model_selection/calibration_method=logistic__bounder=iv/lrsystem.yaml
model_selection/metrics.csv
validation/ECE.png
validation/LR_Histogram.png
validation/PAV.png
validation/Score_Distribution.png
validation/Score_LLR.png
validation/data.yaml
validation/lrsystem.yaml
validation/metrics.csv
validation/model.pkl