architecture_evaluation/architecture=score_based/LR_Histogram.png
architecture_evaluation/architecture=score_based/PAV.png
architecture_evaluation/architecture=score_based/comparing.csv
architecture_evaluation/architecture=score_based/data.yaml
architecture_evaluation/architecture=score_based/lrsystem.yaml
architecture_evaluation/architecture=score_based/preprocessing.csv
architecture_evaluation/architecture=tlm/LR_Histogram.png
architecture_evaluation/architecture=tlm/PAV.png
architecture_evaluation/architecture=tlm/data.yaml
architecture_evaluation/architecture=tlm/lrsystem.yaml
architecture_evaluation/architecture=tlm/postprocessing.csv
architecture_evaluation/metrics.csv
log.txt
model_selection/clf=logit/ECE.png
model_selection/clf=logit/PAV.png
model_selection/clf=logit/comparing.csv
model_selection/clf=logit/data.yaml
model_selection/clf=logit/lrsystem.yaml
model_selection/clf=logit/preprocessing.csv
model_selection/clf=svm_and_kde/ECE.png
model_selection/clf=svm_and_kde/PAV.png
model_selection/clf=svm_and_kde/comparing.csv
model_selection/clf=svm_and_kde/data.yaml
model_selection/clf=svm_and_kde/lrsystem.yaml
model_selection/clf=svm_and_kde/preprocessing.csv
model_selection/metrics.csv
validation/ECE.png
validation/PAV.png
validation/comparing.csv
validation/data.yaml
validation/lrsystem.yaml
validation/metrics.csv
validation/model.pkl
validation/preprocessing.csv